 ******* Program HYDRUS
 ******* 
 Flextreat Hydraulic Model                                               
 Date:  16. 5.2022    Time:  13:58: 1
 Units: L = cm   , T = days , M = mmol 
end
